// Jest Snapshot v1, https://goo.gl/fbAQLP

exports[`<SubCharacteristicsTable Snapshot Deve corresponder ao Snapshot 1`] = `
Object {
  "asFragment": [Function],
  "baseElement": <body>
    <div>
      <div
        class="MuiTableContainer-root css-rorn0c-MuiTableContainer-root"
      >
        <table
          class="MuiTable-root css-rqglhn-MuiTable-root"
        >
          <thead
            class="MuiTableHead-root css-15wwp11-MuiTableHead-root"
          >
            <tr
              class="MuiTableRow-root MuiTableRow-head css-1q1u3t4-MuiTableRow-root"
            >
              <th
                class="MuiTableCell-root MuiTableCell-head MuiTableCell-sizeMedium css-1ygcj2i-MuiTableCell-root"
                scope="col"
              />
              <th
                class="MuiTableCell-root MuiTableCell-head MuiTableCell-alignRight MuiTableCell-sizeMedium css-1azl6jz-MuiTableCell-root"
                scope="col"
              >
                Date
              </th>
              <th
                class="MuiTableCell-root MuiTableCell-head MuiTableCell-alignRight MuiTableCell-sizeMedium css-1azl6jz-MuiTableCell-root"
                scope="col"
              >
                SQC
              </th>
            </tr>
          </thead>
          <tbody
            class="MuiTableBody-root css-apqrd9-MuiTableBody-root"
          >
            <div
              data-testid="sub-characteristics-graph"
            >
              <tr
                class="MuiTableRow-root MuiTableRow-hover css-2blr9s-MuiTableRow-root"
                data-testid="open-row"
              >
                <td
                  class="MuiTableCell-root MuiTableCell-body MuiTableCell-sizeMedium css-1ex1afd-MuiTableCell-root"
                  data-testid="open"
                >
                  <svg
                    aria-hidden="true"
                    aria-label="expand row"
                    class="MuiSvgIcon-root MuiSvgIcon-fontSizeMedium css-i4bv87-MuiSvgIcon-root"
                    data-testid="ArrowCircleRightIcon"
                    focusable="false"
                    viewBox="0 0 24 24"
                  >
                    <path
                      d="M22 12c0-5.52-4.48-10-10-10S2 6.48 2 12s4.48 10 10 10 10-4.48 10-10zm-10 1H8v-2h4V8l4 4-4 4v-3z"
                    />
                  </svg>
                </td>
                <td
                  class="MuiTableCell-root MuiTableCell-body MuiTableCell-alignRight MuiTableCell-sizeMedium css-177gid-MuiTableCell-root"
                >
                  0.66
                </td>
              </tr>
              <tr
                class="MuiTableRow-root css-1q1u3t4-MuiTableRow-root"
              >
                <td
                  class="MuiTableCell-root MuiTableCell-body MuiTableCell-alignRight MuiTableCell-sizeMedium css-177gid-MuiTableCell-root"
                  colspan="3"
                  style="padding-bottom: 0px; padding-top: 0px;"
                >
                  <div
                    class="MuiCollapse-root MuiCollapse-vertical MuiCollapse-hidden css-bz4dnt-MuiCollapse-root"
                    style="min-height: 0px;"
                  >
                    <div
                      class="MuiCollapse-wrapper MuiCollapse-vertical css-smkl36-MuiCollapse-wrapper"
                    >
                      <div
                        class="MuiCollapse-wrapperInner MuiCollapse-vertical css-9l5vo-MuiCollapse-wrapperInner"
                      >
                        <div
                          class="styles__GraphicContainer-sc-1nisug5-0 glYmeV"
                        >
                          <div />
                        </div>
                      </div>
                    </div>
                  </div>
                </td>
              </tr>
            </div>
          </tbody>
          <tfoot
            class="MuiTableFooter-root css-9cgc89-MuiTableFooter-root"
          >
            <tr
              class="MuiTableRow-root MuiTableRow-footer css-1q1u3t4-MuiTableRow-root"
            >
              <td
                class="MuiTableCell-root MuiTableCell-footer MuiTableCell-sizeMedium MuiTablePagination-root css-fikjyc-MuiTableCell-root-MuiTablePagination-root"
                colspan="1000"
              >
                <div
                  class="MuiToolbar-root MuiToolbar-gutters MuiToolbar-regular MuiTablePagination-toolbar css-78c6dr-MuiToolbar-root-MuiTablePagination-toolbar"
                >
                  <div
                    class="MuiTablePagination-spacer css-1psng7p-MuiTablePagination-spacer"
                  />
                  <p
                    class="MuiTablePagination-displayedRows css-levciy-MuiTablePagination-displayedRows"
                  >
                    1â€“1 of 1
                  </p>
                  <div
                    class="MuiTablePagination-actions"
                  >
                    <button
                      aria-label="Go to previous page"
                      class="MuiButtonBase-root Mui-disabled MuiIconButton-root Mui-disabled MuiIconButton-colorInherit MuiIconButton-sizeMedium css-zylse7-MuiButtonBase-root-MuiIconButton-root"
                      disabled=""
                      tabindex="-1"
                      title="Go to previous page"
                      type="button"
                    >
                      <svg
                        aria-hidden="true"
                        class="MuiSvgIcon-root MuiSvgIcon-fontSizeMedium css-i4bv87-MuiSvgIcon-root"
                        data-testid="KeyboardArrowLeftIcon"
                        focusable="false"
                        viewBox="0 0 24 24"
                      >
                        <path
                          d="M15.41 16.09l-4.58-4.59 4.58-4.59L14 5.5l-6 6 6 6z"
                        />
                      </svg>
                    </button>
                    <button
                      aria-label="Go to next page"
                      class="MuiButtonBase-root Mui-disabled MuiIconButton-root Mui-disabled MuiIconButton-colorInherit MuiIconButton-sizeMedium css-zylse7-MuiButtonBase-root-MuiIconButton-root"
                      disabled=""
                      tabindex="-1"
                      title="Go to next page"
                      type="button"
                    >
                      <svg
                        aria-hidden="true"
                        class="MuiSvgIcon-root MuiSvgIcon-fontSizeMedium css-i4bv87-MuiSvgIcon-root"
                        data-testid="KeyboardArrowRightIcon"
                        focusable="false"
                        viewBox="0 0 24 24"
                      >
                        <path
                          d="M8.59 16.34l4.58-4.59-4.58-4.59L10 5.75l6 6-6 6z"
                        />
                      </svg>
                    </button>
                  </div>
                </div>
              </td>
            </tr>
          </tfoot>
        </table>
      </div>
    </div>
  </body>,
  "container": <div>
    <div
      class="MuiTableContainer-root css-rorn0c-MuiTableContainer-root"
    >
      <table
        class="MuiTable-root css-rqglhn-MuiTable-root"
      >
        <thead
          class="MuiTableHead-root css-15wwp11-MuiTableHead-root"
        >
          <tr
            class="MuiTableRow-root MuiTableRow-head css-1q1u3t4-MuiTableRow-root"
          >
            <th
              class="MuiTableCell-root MuiTableCell-head MuiTableCell-sizeMedium css-1ygcj2i-MuiTableCell-root"
              scope="col"
            />
            <th
              class="MuiTableCell-root MuiTableCell-head MuiTableCell-alignRight MuiTableCell-sizeMedium css-1azl6jz-MuiTableCell-root"
              scope="col"
            >
              Date
            </th>
            <th
              class="MuiTableCell-root MuiTableCell-head MuiTableCell-alignRight MuiTableCell-sizeMedium css-1azl6jz-MuiTableCell-root"
              scope="col"
            >
              SQC
            </th>
          </tr>
        </thead>
        <tbody
          class="MuiTableBody-root css-apqrd9-MuiTableBody-root"
        >
          <div
            data-testid="sub-characteristics-graph"
          >
            <tr
              class="MuiTableRow-root MuiTableRow-hover css-2blr9s-MuiTableRow-root"
              data-testid="open-row"
            >
              <td
                class="MuiTableCell-root MuiTableCell-body MuiTableCell-sizeMedium css-1ex1afd-MuiTableCell-root"
                data-testid="open"
              >
                <svg
                  aria-hidden="true"
                  aria-label="expand row"
                  class="MuiSvgIcon-root MuiSvgIcon-fontSizeMedium css-i4bv87-MuiSvgIcon-root"
                  data-testid="ArrowCircleRightIcon"
                  focusable="false"
                  viewBox="0 0 24 24"
                >
                  <path
                    d="M22 12c0-5.52-4.48-10-10-10S2 6.48 2 12s4.48 10 10 10 10-4.48 10-10zm-10 1H8v-2h4V8l4 4-4 4v-3z"
                  />
                </svg>
              </td>
              <td
                class="MuiTableCell-root MuiTableCell-body MuiTableCell-alignRight MuiTableCell-sizeMedium css-177gid-MuiTableCell-root"
              >
                0.66
              </td>
            </tr>
            <tr
              class="MuiTableRow-root css-1q1u3t4-MuiTableRow-root"
            >
              <td
                class="MuiTableCell-root MuiTableCell-body MuiTableCell-alignRight MuiTableCell-sizeMedium css-177gid-MuiTableCell-root"
                colspan="3"
                style="padding-bottom: 0px; padding-top: 0px;"
              >
                <div
                  class="MuiCollapse-root MuiCollapse-vertical MuiCollapse-hidden css-bz4dnt-MuiCollapse-root"
                  style="min-height: 0px;"
                >
                  <div
                    class="MuiCollapse-wrapper MuiCollapse-vertical css-smkl36-MuiCollapse-wrapper"
                  >
                    <div
                      class="MuiCollapse-wrapperInner MuiCollapse-vertical css-9l5vo-MuiCollapse-wrapperInner"
                    >
                      <div
                        class="styles__GraphicContainer-sc-1nisug5-0 glYmeV"
                      >
                        <div />
                      </div>
                    </div>
                  </div>
                </div>
              </td>
            </tr>
          </div>
        </tbody>
        <tfoot
          class="MuiTableFooter-root css-9cgc89-MuiTableFooter-root"
        >
          <tr
            class="MuiTableRow-root MuiTableRow-footer css-1q1u3t4-MuiTableRow-root"
          >
            <td
              class="MuiTableCell-root MuiTableCell-footer MuiTableCell-sizeMedium MuiTablePagination-root css-fikjyc-MuiTableCell-root-MuiTablePagination-root"
              colspan="1000"
            >
              <div
                class="MuiToolbar-root MuiToolbar-gutters MuiToolbar-regular MuiTablePagination-toolbar css-78c6dr-MuiToolbar-root-MuiTablePagination-toolbar"
              >
                <div
                  class="MuiTablePagination-spacer css-1psng7p-MuiTablePagination-spacer"
                />
                <p
                  class="MuiTablePagination-displayedRows css-levciy-MuiTablePagination-displayedRows"
                >
                  1â€“1 of 1
                </p>
                <div
                  class="MuiTablePagination-actions"
                >
                  <button
                    aria-label="Go to previous page"
                    class="MuiButtonBase-root Mui-disabled MuiIconButton-root Mui-disabled MuiIconButton-colorInherit MuiIconButton-sizeMedium css-zylse7-MuiButtonBase-root-MuiIconButton-root"
                    disabled=""
                    tabindex="-1"
                    title="Go to previous page"
                    type="button"
                  >
                    <svg
                      aria-hidden="true"
                      class="MuiSvgIcon-root MuiSvgIcon-fontSizeMedium css-i4bv87-MuiSvgIcon-root"
                      data-testid="KeyboardArrowLeftIcon"
                      focusable="false"
                      viewBox="0 0 24 24"
                    >
                      <path
                        d="M15.41 16.09l-4.58-4.59 4.58-4.59L14 5.5l-6 6 6 6z"
                      />
                    </svg>
                  </button>
                  <button
                    aria-label="Go to next page"
                    class="MuiButtonBase-root Mui-disabled MuiIconButton-root Mui-disabled MuiIconButton-colorInherit MuiIconButton-sizeMedium css-zylse7-MuiButtonBase-root-MuiIconButton-root"
                    disabled=""
                    tabindex="-1"
                    title="Go to next page"
                    type="button"
                  >
                    <svg
                      aria-hidden="true"
                      class="MuiSvgIcon-root MuiSvgIcon-fontSizeMedium css-i4bv87-MuiSvgIcon-root"
                      data-testid="KeyboardArrowRightIcon"
                      focusable="false"
                      viewBox="0 0 24 24"
                    >
                      <path
                        d="M8.59 16.34l4.58-4.59-4.58-4.59L10 5.75l6 6-6 6z"
                      />
                    </svg>
                  </button>
                </div>
              </div>
            </td>
          </tr>
        </tfoot>
      </table>
    </div>
  </div>,
  "debug": [Function],
  "findAllByAltText": [Function],
  "findAllByDisplayValue": [Function],
  "findAllByLabelText": [Function],
  "findAllByPlaceholderText": [Function],
  "findAllByRole": [Function],
  "findAllByTestId": [Function],
  "findAllByText": [Function],
  "findAllByTitle": [Function],
  "findByAltText": [Function],
  "findByDisplayValue": [Function],
  "findByLabelText": [Function],
  "findByPlaceholderText": [Function],
  "findByRole": [Function],
  "findByTestId": [Function],
  "findByText": [Function],
  "findByTitle": [Function],
  "getAllByAltText": [Function],
  "getAllByDisplayValue": [Function],
  "getAllByLabelText": [Function],
  "getAllByPlaceholderText": [Function],
  "getAllByRole": [Function],
  "getAllByTestId": [Function],
  "getAllByText": [Function],
  "getAllByTitle": [Function],
  "getByAltText": [Function],
  "getByDisplayValue": [Function],
  "getByLabelText": [Function],
  "getByPlaceholderText": [Function],
  "getByRole": [Function],
  "getByTestId": [Function],
  "getByText": [Function],
  "getByTitle": [Function],
  "queryAllByAltText": [Function],
  "queryAllByDisplayValue": [Function],
  "queryAllByLabelText": [Function],
  "queryAllByPlaceholderText": [Function],
  "queryAllByRole": [Function],
  "queryAllByTestId": [Function],
  "queryAllByText": [Function],
  "queryAllByTitle": [Function],
  "queryByAltText": [Function],
  "queryByDisplayValue": [Function],
  "queryByLabelText": [Function],
  "queryByPlaceholderText": [Function],
  "queryByRole": [Function],
  "queryByTestId": [Function],
  "queryByText": [Function],
  "queryByTitle": [Function],
  "rerender": [Function],
  "unmount": [Function],
}
`;
