// Jest Snapshot v1, https://goo.gl/fbAQLP

exports[`<SubCharacteristicsGraph /> Snapshot Deve corresponder ao Snapshot 1`] = `
Object {
  "asFragment": [Function],
  "baseElement": <body>
    <div>
      <div
        data-testid="sub-characteristics-graph"
      >
        <tr
          class="MuiTableRow-root MuiTableRow-hover css-2blr9s-MuiTableRow-root"
          data-testid="open-row"
        >
          <td
            class="MuiTableCell-root MuiTableCell-sizeMedium css-bsph2u-MuiTableCell-root"
            data-testid="open"
          >
            <svg
              aria-hidden="true"
              aria-label="expand row"
              class="MuiSvgIcon-root MuiSvgIcon-fontSizeMedium css-i4bv87-MuiSvgIcon-root"
              data-testid="ArrowCircleRightIcon"
              focusable="false"
              viewBox="0 0 24 24"
            >
              <path
                d="M22 12c0-5.52-4.48-10-10-10S2 6.48 2 12s4.48 10 10 10 10-4.48 10-10zm-10 1H8v-2h4V8l4 4-4 4v-3z"
              />
            </svg>
          </td>
          <td
            class="MuiTableCell-root MuiTableCell-alignRight MuiTableCell-sizeMedium css-r7oxtk-MuiTableCell-root"
          >
            0.66
          </td>
        </tr>
        <tr
          class="MuiTableRow-root css-1q1u3t4-MuiTableRow-root"
        >
          <td
            class="MuiTableCell-root MuiTableCell-alignRight MuiTableCell-sizeMedium css-r7oxtk-MuiTableCell-root"
            colspan="3"
            style="padding-bottom: 0px; padding-top: 0px;"
          >
            <div
              class="MuiCollapse-root MuiCollapse-vertical MuiCollapse-hidden css-bz4dnt-MuiCollapse-root"
              style="min-height: 0px;"
            >
              <div
                class="MuiCollapse-wrapper MuiCollapse-vertical css-smkl36-MuiCollapse-wrapper"
              >
                <div
                  class="MuiCollapse-wrapperInner MuiCollapse-vertical css-9l5vo-MuiCollapse-wrapperInner"
                >
                  <div
                    class="styles__GraphicContainer-sc-1nisug5-0 glYmeV"
                  >
                    <div />
                  </div>
                </div>
              </div>
            </div>
          </td>
        </tr>
      </div>
    </div>
  </body>,
  "container": <div>
    <div
      data-testid="sub-characteristics-graph"
    >
      <tr
        class="MuiTableRow-root MuiTableRow-hover css-2blr9s-MuiTableRow-root"
        data-testid="open-row"
      >
        <td
          class="MuiTableCell-root MuiTableCell-sizeMedium css-bsph2u-MuiTableCell-root"
          data-testid="open"
        >
          <svg
            aria-hidden="true"
            aria-label="expand row"
            class="MuiSvgIcon-root MuiSvgIcon-fontSizeMedium css-i4bv87-MuiSvgIcon-root"
            data-testid="ArrowCircleRightIcon"
            focusable="false"
            viewBox="0 0 24 24"
          >
            <path
              d="M22 12c0-5.52-4.48-10-10-10S2 6.48 2 12s4.48 10 10 10 10-4.48 10-10zm-10 1H8v-2h4V8l4 4-4 4v-3z"
            />
          </svg>
        </td>
        <td
          class="MuiTableCell-root MuiTableCell-alignRight MuiTableCell-sizeMedium css-r7oxtk-MuiTableCell-root"
        >
          0.66
        </td>
      </tr>
      <tr
        class="MuiTableRow-root css-1q1u3t4-MuiTableRow-root"
      >
        <td
          class="MuiTableCell-root MuiTableCell-alignRight MuiTableCell-sizeMedium css-r7oxtk-MuiTableCell-root"
          colspan="3"
          style="padding-bottom: 0px; padding-top: 0px;"
        >
          <div
            class="MuiCollapse-root MuiCollapse-vertical MuiCollapse-hidden css-bz4dnt-MuiCollapse-root"
            style="min-height: 0px;"
          >
            <div
              class="MuiCollapse-wrapper MuiCollapse-vertical css-smkl36-MuiCollapse-wrapper"
            >
              <div
                class="MuiCollapse-wrapperInner MuiCollapse-vertical css-9l5vo-MuiCollapse-wrapperInner"
              >
                <div
                  class="styles__GraphicContainer-sc-1nisug5-0 glYmeV"
                >
                  <div />
                </div>
              </div>
            </div>
          </div>
        </td>
      </tr>
    </div>
  </div>,
  "debug": [Function],
  "findAllByAltText": [Function],
  "findAllByDisplayValue": [Function],
  "findAllByLabelText": [Function],
  "findAllByPlaceholderText": [Function],
  "findAllByRole": [Function],
  "findAllByTestId": [Function],
  "findAllByText": [Function],
  "findAllByTitle": [Function],
  "findByAltText": [Function],
  "findByDisplayValue": [Function],
  "findByLabelText": [Function],
  "findByPlaceholderText": [Function],
  "findByRole": [Function],
  "findByTestId": [Function],
  "findByText": [Function],
  "findByTitle": [Function],
  "getAllByAltText": [Function],
  "getAllByDisplayValue": [Function],
  "getAllByLabelText": [Function],
  "getAllByPlaceholderText": [Function],
  "getAllByRole": [Function],
  "getAllByTestId": [Function],
  "getAllByText": [Function],
  "getAllByTitle": [Function],
  "getByAltText": [Function],
  "getByDisplayValue": [Function],
  "getByLabelText": [Function],
  "getByPlaceholderText": [Function],
  "getByRole": [Function],
  "getByTestId": [Function],
  "getByText": [Function],
  "getByTitle": [Function],
  "queryAllByAltText": [Function],
  "queryAllByDisplayValue": [Function],
  "queryAllByLabelText": [Function],
  "queryAllByPlaceholderText": [Function],
  "queryAllByRole": [Function],
  "queryAllByTestId": [Function],
  "queryAllByText": [Function],
  "queryAllByTitle": [Function],
  "queryByAltText": [Function],
  "queryByDisplayValue": [Function],
  "queryByLabelText": [Function],
  "queryByPlaceholderText": [Function],
  "queryByRole": [Function],
  "queryByTestId": [Function],
  "queryByText": [Function],
  "queryByTitle": [Function],
  "rerender": [Function],
  "unmount": [Function],
}
`;
