// Jest Snapshot v1, https://goo.gl/fbAQLP

exports[`formatGaugeChart should return an default object when historical param is empty 1`] = `
Object {
  "legend": Object {
    "show": false,
  },
  "radar": Object {
    "indicator": Array [],
    "shape": "circle",
    "show": false,
  },
  "series": Array [],
  "title": Object {
    "text": "title-test",
  },
}
`;

exports[`formatGaugeChart should return an default object when historical param undefined 1`] = `
Object {
  "legend": Object {
    "show": false,
  },
  "radar": Object {
    "indicator": Array [],
    "shape": "circle",
    "show": false,
  },
  "series": Array [],
  "title": Object {
    "text": "title-test",
  },
}
`;

exports[`formatGaugeChart should return an object with the correct format 1`] = `
Object {
  "radar": Object {
    "indicator": Array [
      Object {
        "max": 1,
        "name": "Reliability",
      },
    ],
    "shape": "circle",
    "show": true,
  },
  "series": Array [
    Object {
      "data": Array [
        Object {
          "value": Array [
            "32.00",
          ],
        },
      ],
      "show": true,
      "type": "radar",
    },
  ],
  "title": Object {
    "text": "title-test",
  },
}
`;
