// Jest Snapshot v1, https://goo.gl/fbAQLP

exports[`RepositoriesTable Snapshot Deve corresponder ao Snapshot 1`] = `
Object {
  "asFragment": [Function],
  "baseElement": <body>
    <div>
      <div
        class="MuiTableContainer-root css-rorn0c-MuiTableContainer-root"
      >
        <table
          class="MuiTable-root css-rqglhn-MuiTable-root"
        >
          <thead
            class="MuiTableHead-root css-15wwp11-MuiTableHead-root"
          >
            <tr
              class="MuiTableRow-root MuiTableRow-head css-1q1u3t4-MuiTableRow-root"
            >
              <th
                class="MuiTableCell-root MuiTableCell-head MuiTableCell-sizeMedium css-1ygcj2i-MuiTableCell-root"
                scope="col"
              >
                Nome
              </th>
              <th
                class="MuiTableCell-root MuiTableCell-head MuiTableCell-sizeMedium css-1ygcj2i-MuiTableCell-root"
                scope="col"
              />
            </tr>
          </thead>
          <tbody
            class="MuiTableBody-root css-apqrd9-MuiTableBody-root"
          >
            <tr
              class="MuiTableRow-root MuiTableRow-hover css-1q1u3t4-MuiTableRow-root"
              data-testid="repository-row"
              style="cursor: pointer;"
            >
              <td
                class="MuiTableCell-root MuiTableCell-body MuiTableCell-sizeMedium css-1ex1afd-MuiTableCell-root"
              >
                2022-1-MeasureSoftGram-Core
              </td>
              <td
                class="MuiTableCell-root MuiTableCell-body MuiTableCell-alignRight MuiTableCell-sizeMedium css-177gid-MuiTableCell-root"
              >
                <svg
                  aria-hidden="true"
                  aria-label="expand row"
                  class="MuiSvgIcon-root MuiSvgIcon-fontSizeMedium css-i4bv87-MuiSvgIcon-root"
                  data-testid="ArrowCircleRightIcon"
                  focusable="false"
                  viewBox="0 0 24 24"
                >
                  <path
                    d="M22 12c0-5.52-4.48-10-10-10S2 6.48 2 12s4.48 10 10 10 10-4.48 10-10zm-10 1H8v-2h4V8l4 4-4 4v-3z"
                  />
                </svg>
                <svg
                  aria-hidden="true"
                  aria-label="expand row"
                  class="MuiSvgIcon-root MuiSvgIcon-fontSizeMedium css-i4bv87-MuiSvgIcon-root"
                  data-testid="AddCircleIcon"
                  focusable="false"
                  viewBox="0 0 24 24"
                >
                  <path
                    d="M12 2C6.48 2 2 6.48 2 12s4.48 10 10 10 10-4.48 10-10S17.52 2 12 2zm5 11h-4v4h-2v-4H7v-2h4V7h2v4h4v2z"
                  />
                </svg>
              </td>
            </tr>
            <tr
              class="MuiTableRow-root css-1q1u3t4-MuiTableRow-root"
            >
              <td
                class="MuiTableCell-root MuiTableCell-body MuiTableCell-sizeMedium css-1ex1afd-MuiTableCell-root"
                colspan="6"
                style="padding-bottom: 0px; padding-top: 0px;"
              />
            </tr>
          </tbody>
        </table>
      </div>
    </div>
  </body>,
  "container": <div>
    <div
      class="MuiTableContainer-root css-rorn0c-MuiTableContainer-root"
    >
      <table
        class="MuiTable-root css-rqglhn-MuiTable-root"
      >
        <thead
          class="MuiTableHead-root css-15wwp11-MuiTableHead-root"
        >
          <tr
            class="MuiTableRow-root MuiTableRow-head css-1q1u3t4-MuiTableRow-root"
          >
            <th
              class="MuiTableCell-root MuiTableCell-head MuiTableCell-sizeMedium css-1ygcj2i-MuiTableCell-root"
              scope="col"
            >
              Nome
            </th>
            <th
              class="MuiTableCell-root MuiTableCell-head MuiTableCell-sizeMedium css-1ygcj2i-MuiTableCell-root"
              scope="col"
            />
          </tr>
        </thead>
        <tbody
          class="MuiTableBody-root css-apqrd9-MuiTableBody-root"
        >
          <tr
            class="MuiTableRow-root MuiTableRow-hover css-1q1u3t4-MuiTableRow-root"
            data-testid="repository-row"
            style="cursor: pointer;"
          >
            <td
              class="MuiTableCell-root MuiTableCell-body MuiTableCell-sizeMedium css-1ex1afd-MuiTableCell-root"
            >
              2022-1-MeasureSoftGram-Core
            </td>
            <td
              class="MuiTableCell-root MuiTableCell-body MuiTableCell-alignRight MuiTableCell-sizeMedium css-177gid-MuiTableCell-root"
            >
              <svg
                aria-hidden="true"
                aria-label="expand row"
                class="MuiSvgIcon-root MuiSvgIcon-fontSizeMedium css-i4bv87-MuiSvgIcon-root"
                data-testid="ArrowCircleRightIcon"
                focusable="false"
                viewBox="0 0 24 24"
              >
                <path
                  d="M22 12c0-5.52-4.48-10-10-10S2 6.48 2 12s4.48 10 10 10 10-4.48 10-10zm-10 1H8v-2h4V8l4 4-4 4v-3z"
                />
              </svg>
              <svg
                aria-hidden="true"
                aria-label="expand row"
                class="MuiSvgIcon-root MuiSvgIcon-fontSizeMedium css-i4bv87-MuiSvgIcon-root"
                data-testid="AddCircleIcon"
                focusable="false"
                viewBox="0 0 24 24"
              >
                <path
                  d="M12 2C6.48 2 2 6.48 2 12s4.48 10 10 10 10-4.48 10-10S17.52 2 12 2zm5 11h-4v4h-2v-4H7v-2h4V7h2v4h4v2z"
                />
              </svg>
            </td>
          </tr>
          <tr
            class="MuiTableRow-root css-1q1u3t4-MuiTableRow-root"
          >
            <td
              class="MuiTableCell-root MuiTableCell-body MuiTableCell-sizeMedium css-1ex1afd-MuiTableCell-root"
              colspan="6"
              style="padding-bottom: 0px; padding-top: 0px;"
            />
          </tr>
        </tbody>
      </table>
    </div>
  </div>,
  "debug": [Function],
  "findAllByAltText": [Function],
  "findAllByDisplayValue": [Function],
  "findAllByLabelText": [Function],
  "findAllByPlaceholderText": [Function],
  "findAllByRole": [Function],
  "findAllByTestId": [Function],
  "findAllByText": [Function],
  "findAllByTitle": [Function],
  "findByAltText": [Function],
  "findByDisplayValue": [Function],
  "findByLabelText": [Function],
  "findByPlaceholderText": [Function],
  "findByRole": [Function],
  "findByTestId": [Function],
  "findByText": [Function],
  "findByTitle": [Function],
  "getAllByAltText": [Function],
  "getAllByDisplayValue": [Function],
  "getAllByLabelText": [Function],
  "getAllByPlaceholderText": [Function],
  "getAllByRole": [Function],
  "getAllByTestId": [Function],
  "getAllByText": [Function],
  "getAllByTitle": [Function],
  "getByAltText": [Function],
  "getByDisplayValue": [Function],
  "getByLabelText": [Function],
  "getByPlaceholderText": [Function],
  "getByRole": [Function],
  "getByTestId": [Function],
  "getByText": [Function],
  "getByTitle": [Function],
  "queryAllByAltText": [Function],
  "queryAllByDisplayValue": [Function],
  "queryAllByLabelText": [Function],
  "queryAllByPlaceholderText": [Function],
  "queryAllByRole": [Function],
  "queryAllByTestId": [Function],
  "queryAllByText": [Function],
  "queryAllByTitle": [Function],
  "queryByAltText": [Function],
  "queryByDisplayValue": [Function],
  "queryByLabelText": [Function],
  "queryByPlaceholderText": [Function],
  "queryByRole": [Function],
  "queryByTestId": [Function],
  "queryByText": [Function],
  "queryByTitle": [Function],
  "rerender": [Function],
  "unmount": [Function],
}
`;
