// Jest Snapshot v1, https://goo.gl/fbAQLP

exports[`<CurrentReleaseCharacteristicsChart /> should render correctly with data 1`] = `
<div>
  <div
    class="MuiBox-root css-qos7on"
    data-testid="current-release-characteristics-chart"
  >
    <div
      _echarts_instance_="ec_123"
      class="echarts-for-react "
      size-sensor-id="1"
      style="height: 300px; webkit-user-select: none; user-select: none; -webkit-tap-highlight-color: rgba(0, 0, 0, 0);"
    >
      <div
        style="position: relative; width: 0px; height: 300px; padding: 0px; margin: 0px; border-width: 0px;"
      />
      <object
        class="size-sensor-object"
        data="about:blank"
        style="display: block; position: absolute; top: 0px; left: 0px; height: 100%; width: 100%; overflow: hidden; pointer-events: none; z-index: -1; opacity: 0;"
        tabindex="-1"
        type="text/html"
      />
    </div>
  </div>
</div>
`;
